<?xml version="1.0" encoding="utf-8"?><testsuites name="pytest tests"><testsuite name="pytest" errors="0" failures="0" skipped="0" tests="4" time="16.362" timestamp="2026-02-19T12:33:53.293907-06:00" hostname="MTY-MNOI0P81ZLH"><testcase classname="tests.model.test_model.TestModel" name="test_model_fit" time="0.663" /><testcase classname="tests.model.test_model.TestModel" name="test_model_predict" time="0.598" /><testcase classname="tests.model.test_model.TestModel" name="test_model_preprocess_for_serving" time="0.291" /><testcase classname="tests.model.test_model.TestModel" name="test_model_preprocess_for_training" time="0.379" /></testsuite></testsuites>